DM Object: Simplicial Mesh 1 MPI processes
  type: plex
Simplicial Mesh in 3 dimensions:
  0-cells: 14
  3-cells: 6
Labels:
  depth: 2 strata of sizes (14, 6)
